
> build
> vite build

[36mvite v6.4.2 [32mbuilding for production...[36m[39m
transforming...
[32m✓[39m 6 modules transformed.
node.exe : [31m✗[39m Build failed in 1.89s
At C:\Program Files\nodejs\npm.ps1:29 char:3
+   & $NODE_EXE $NPM_CLI_JS $args
+   ~~~~~~~~~~~~~~~~~~~~~~~~~~~~~
    + CategoryInfo          : NotSpecified: ([31m✗[39m Build failed in 1.89s:String) [], RemoteException
    + FullyQualifiedErrorId : NativeCommandError
 
[31merror during build:
[31m[vite]: Rollup failed to resolve import "@inertiajs/vue3" from 
"C:\laragon\www\usama-fandaqah\resources\js\app.js".
This is most likely unintended because it can break your application at runtime.
If you do want to externalize this module explicitly add it to
`build.rollupOptions.external`[31m
    at viteLog (file:///C:/laragon/www/usama-fandaqah/node_modules/vite/dist/node/chunks/dep-Dq2t6Dq0.js:46399:15)
    at onRollupLog (file:///C:/laragon/www/usama-fandaqah/node_modules/vite/dist/node/chunks/dep-Dq2t6Dq0.js:46449:5)
    at onLog (file:///C:/laragon/www/usama-fandaqah/node_modules/vite/dist/node/chunks/dep-Dq2t6Dq0.js:46097:7)
    at file:///C:/laragon/www/usama-fandaqah/node_modules/rollup/dist/es/shared/node-entry.js:21383:32
    at Object.logger [as onLog] 
(file:///C:/laragon/www/usama-fandaqah/node_modules/rollup/dist/es/shared/node-entry.js:23378:9)
    at ModuleLoader.handleInvalidResolvedId 
(file:///C:/laragon/www/usama-fandaqah/node_modules/rollup/dist/es/shared/node-entry.js:22122:26)
    at file:///C:/laragon/www/usama-fandaqah/node_modules/rollup/dist/es/shared/node-entry.js:22080:26[39m
